// Jest Snapshot v1, https://goo.gl/fbAQLP

exports[`Add 通常 マウント metaタグ 1`] = `
NodeList [
  <meta
    content="noindex"
    data-vmid="robots"
    data-vue-meta="2"
    name="robots"
  />,
]
`;

exports[`Add 通常 マウント titleタグ 1`] = `"やそスポーツクラブ | 時間割追加"`;

exports[`Add 通常 マウント ページ全体表示 1`] = `
<div>
  <h1>
    時間割追加
  </h1>
   
  <form
    class=""
  >
    <div
      class="card"
    >
      <div
        class="card-body"
      >
        <div
          class="form-group form-row"
          role="group"
        >
          <label
            class="col-form-label col-sm-3"
            for="name"
          >
             名称 
          </label>
          <div
            class="col-sm-9"
          >
            <!---->
            <input
              class="form-control"
              id="name"
              type="text"
            />
            <!---->
            <!---->
            <!---->
            <!---->
          </div>
        </div>
         
        <div
          class="form-group form-row"
          role="group"
        >
          <label
            class="col-form-label col-sm-3"
            for="details"
          >
             詳細 
          </label>
          <div
            class="col-sm-9"
          >
            <!---->
            <textarea
              class="form-control"
              id="details"
              rows="10"
            />
            <!---->
            <!---->
            <!---->
            <!---->
          </div>
        </div>
      </div>
       
      <footer
        class="card-footer"
      >
        <button
          class="btn btn-secondary"
          id="btn-reset"
          type="button"
        >
          
          リセット
        
        </button>
         
        <button
          class="btn btn-primary"
          type="submit"
        >
          
          保存
        
        </button>
      </footer>
    </div>
  </form>
</div>
`;
