// Jest Snapshot v1, https://goo.gl/fbAQLP

exports[`Logout マウント metaタグ 1`] = `
NodeList [
  <meta
    content="noindex"
    data-vmid="robots"
    data-vue-meta="2"
    name="robots"
  />,
]
`;

exports[`Logout マウント titleタグ 1`] = `"やそスポーツクラブ"`;

exports[`Logout マウント ページ全体表示 1`] = `<div />`;
