// Jest Snapshot v1, https://goo.gl/fbAQLP

exports[`MyContainer processing-cover Get処理中 Getカバー表示 1`] = `
Object {
  "id": "processing-get",
  "style": "top: 0px; bottom: 0px; left: 0px; right: 0px; position: absolute; z-index: 900;",
}
`;

exports[`MyContainer processing-cover Post処理中 Postカバー表示 1`] = `
Object {
  "id": "processing-post",
  "style": "top: 0px; bottom: 0px; left: 0px; right: 0px; position: absolute; z-index: 9999;",
}
`;

exports[`MyContainer アラート アラート表示 1`] = `
<div
  id="alert-area"
>
  <transition-stub
    appear="true"
    data-v-c95d1f08=""
    name="fade"
  >
    <div
      aria-atomic="true"
      aria-live="polite"
      class="alert alert-dismissible alert-success"
      data-v-c95d1f08=""
      role="alert"
    >
      <button
        aria-label="Close"
        class="close"
        data-v-c95d1f08=""
        type="button"
      >
        ×
      </button>
      
              保存しました。
            
    </div>
  </transition-stub>
  <transition-stub
    appear="true"
    data-v-c95d1f08=""
    name="fade"
  >
    <div
      aria-atomic="true"
      aria-live="polite"
      class="alert alert-dismissible alert-danger"
      data-v-c95d1f08=""
      role="alert"
    >
      <button
        aria-label="Close"
        class="close"
        data-v-c95d1f08=""
        type="button"
      >
        ×
      </button>
      
              予期せぬエラーが発生しました。
            
    </div>
  </transition-stub>
  <transition-stub
    appear="true"
    data-v-c95d1f08=""
    name="fade"
  >
    <div
      aria-atomic="true"
      aria-live="polite"
      class="alert alert-dismissible alert-danger"
      data-v-c95d1f08=""
      role="alert"
    >
      <button
        aria-label="Close"
        class="close"
        data-v-c95d1f08=""
        type="button"
      >
        ×
      </button>
      
              入力項目に誤りがあります。
            
    </div>
  </transition-stub>
</div>
`;

exports[`MyContainer 通常 表示 1`] = `
<div
  class="position-relative c-app"
>
  <mysidebar-stub />
   
  <div
    class="c-wrapper"
  >
    <myheader-stub />
     
    <div
      class="position-relative c-body"
    >
      <main
        class="c-main"
      >
        <div
          class="container-fluid"
        >
          <div
            id="alert-area"
          />
           
          <mypage-stub />
        </div>
      </main>
       
      <div
        id="processing-get"
        style="top: 0px; bottom: 0px; left: 0px; right: 0px; position: absolute; z-index: 900; display: none;"
      >
        <div
          style="position: absolute; top: 50%; left: 50%; transform: translateX(-50%) translateY(-50%);"
        >
          <div
            aria-hidden="false"
            aria-label="Loading"
            class="spinner-border text-success"
            role="status"
          />
        </div>
      </div>
    </div>
  </div>
   
  <div
    id="processing-post"
    style="top: 0px; bottom: 0px; left: 0px; right: 0px; position: absolute; z-index: 9999; display: none;"
  >
    <div
      style="position: absolute; top: 50%; left: 50%; transform: translateX(-50%) translateY(-50%);"
    >
      <div
        aria-hidden="false"
        aria-label="Loading"
        class="spinner-border text-success"
        role="status"
      />
    </div>
  </div>
</div>
`;
