// Jest Snapshot v1, https://goo.gl/fbAQLP

exports[`Edit マウント metaタグ 1`] = `
NodeList [
  <meta
    content="noindex"
    data-vmid="robots"
    data-vue-meta="2"
    name="robots"
  />,
]
`;

exports[`Edit マウント titleタグ 1`] = `"やそスポーツクラブ | 設定"`;

exports[`Edit マウント レコード取得：成功 ページ全体表示 1`] = `
<div>
  <h1>
    設定
  </h1>
   
  <form
    class=""
  >
    <div
      class="card"
    >
      <div
        class="card-body"
      >
        <div>
          <div
            class="form-group form-row"
            role="group"
          >
            <label
              class="col-form-label col-sm-3"
              for="reservation-mail_to-value"
            >
               宛先メールアドレス 
            </label>
            <div
              class="col-sm-9"
            >
              <!---->
              <input
                class="form-control"
                id="reservation-mail_to-value"
                type="text"
              />
              <!---->
              <!---->
              <!---->
              <!---->
            </div>
          </div>
           
          <!---->
        </div>
        <div>
          <div
            class="form-group form-row"
            role="group"
          >
            <label
              class="col-form-label col-sm-3"
              for="reservation-mail_subject-value"
            >
               件名 
            </label>
            <div
              class="col-sm-9"
            >
              <!---->
              <input
                class="form-control"
                id="reservation-mail_subject-value"
                type="text"
              />
              <!---->
              <!---->
              <!---->
              <!---->
            </div>
          </div>
           
          <!---->
        </div>
        <div>
          <!---->
           
          <div
            class="form-group form-row"
            role="group"
          >
            <label
              class="col-form-label col-sm-3"
              for="reservation-mail_message_begin-value"
            >
               本文（開始） 
            </label>
            <div
              class="col-sm-9"
            >
              <!---->
              <textarea
                class="form-control"
                id="reservation-mail_message_begin-value"
                rows="5"
              />
              <!---->
              <!---->
              <!---->
              <!---->
            </div>
          </div>
        </div>
        <div>
          <!---->
           
          <div
            class="form-group form-row"
            role="group"
          >
            <label
              class="col-form-label col-sm-3"
              for="reservation_public-notes-value"
            >
               注意事項 
            </label>
            <div
              class="col-sm-9"
            >
              <!---->
              <textarea
                class="form-control"
                id="reservation_public-notes-value"
                rows="5"
              />
              <!---->
              <!---->
              <!---->
              <!---->
            </div>
          </div>
        </div>
        <div>
          <!---->
           
          <div
            class="form-group form-row"
            role="group"
          >
            <label
              class="col-form-label col-sm-3"
              for="reservation-mail_message_end-value"
            >
               本文（終了） 
            </label>
            <div
              class="col-sm-9"
            >
              <!---->
              <textarea
                class="form-control"
                id="reservation-mail_message_end-value"
                rows="5"
              />
              <!---->
              <!---->
              <!---->
              <!---->
            </div>
          </div>
        </div>
      </div>
       
      <footer
        class="card-footer"
      >
        <button
          class="btn btn-reset btn-secondary"
          type="button"
        >
          
          リセット
        
        </button>
         
        <button
          class="btn btn-primary"
          type="submit"
        >
          
          保存
        
        </button>
      </footer>
    </div>
  </form>
</div>
`;
